Definition src/Definition.res 2:8
{"uri": "Definition.res", "range": "{"start": "{"line": "0", "character": "4"}", "end": "{"line": "0", "character": "6"}"}"}

