Hover src/Auto.res 2:13
{"contents": "```rescript\n(Belt.List.t<'a>, 'a => 'b) => Belt.List.t<'b>\n```\n\n`map xs f`\n\nreturn the list obtained by applying `f` to each element of `xs`\n\n```ml\nmap [1;2] (fun x-> x + 1) = [3;4]\n```\n"}

